// Jest Snapshot v1, https://goo.gl/fbAQLP

exports[`Cart checkout() should return an object with the total and the list of items 1`] = `
Object {
  "items": Array [
    Object {
      "product": Object {
        "price": 3588,
        "title": "Nike Shox shoes - men",
      },
      "quantity": 2,
    },
    Object {
      "product": Object {
        "price": 4122,
        "title": "Adidas running shoes - women",
      },
      "quantity": 3,
    },
  ],
  "total": 19542,
}
`;
